// Jest Snapshot v1, https://goo.gl/fbAQLP

exports[`renders menu card 1`] = `
<View
  style={
    Object {
      "flex": 1,
    }
  }
>
  <Text>
    Test Component
  </Text>
</View>
`;
